#-----------------------------------------------------------
# Vivado v2024.2 (64-bit)
# SW Build 5239630 on Fri Nov 08 22:35:27 MST 2024
# IP Build 5239520 on Sun Nov 10 16:12:51 MST 2024
# SharedData Build 5239561 on Fri Nov 08 14:39:27 MST 2024
# Start of session at: Mon Dec  1 14:34:54 2025
# Process ID         : 4792
# Current directory  : C:/Users/fallo/Desktop/CECS 440/Lab 10/Lab_10
# Command line       : vivado.exe -gui_launcher_event rodinguilauncherevent10780 C:\Users\fallo\Desktop\CECS 440\Lab 10\Lab_10\Lab_10.xpr
# Log file           : C:/Users/fallo/Desktop/CECS 440/Lab 10/Lab_10/vivado.log
# Journal file       : C:/Users/fallo/Desktop/CECS 440/Lab 10/Lab_10\vivado.jou
# Running On         : S340
# Platform           : Windows Server 2016 or Windows 10
# Operating System   : 26100
# Processor Detail   : AMD Ryzen 7 7800X3D 8-Core Processor           
# CPU Frequency      : 4192 MHz
# CPU Physical cores : 8
# CPU Logical cores  : 16
# Host memory        : 33411 MB
# Swap memory        : 19327 MB
# Total Virtual      : 52739 MB
# Available Virtual  : 30822 MB
#-----------------------------------------------------------
start_gui
open_project {C:/Users/fallo/Desktop/CECS 440/Lab 10/Lab_10/Lab_10.xpr}
WARNING: [Board 49-26] cannot add Board Part xilinx.com:zcu208ld:part0:2.0 available at E:/Vivado/2024.2/data/xhub/boards/XilinxBoardStore/boards/Xilinx/zcu208ld/production/2.0/board.xml as part xczu58dr-fsvg1517-2-i specified in board_part file is either invalid or not available
WARNING: [Board 49-26] cannot add Board Part xilinx.com:zcu216ld:part0:2.0 available at E:/Vivado/2024.2/data/xhub/boards/XilinxBoardStore/boards/Xilinx/zcu216ld/production/2.0/board.xml as part xczu59dr-ffvf1760-2-i specified in board_part file is either invalid or not available
WARNING: [Board 49-26] cannot add Board Part xilinx.com:zcu670ld:part0:1.0 available at E:/Vivado/2024.2/data/xhub/boards/XilinxBoardStore/boards/Xilinx/zcu670ld/1.0/board.xml as part xczu57dr-fsve1156-2-i specified in board_part file is either invalid or not available
INFO: [filemgmt 56-3] Default IP Output Path : Could not find the directory 'C:/Users/fallo/Desktop/CECS 440/Lab 10/Lab_10/Lab_10.gen/sources_1'.
Scanning sources...
Finished scanning sources
INFO: [IP_Flow 19-234] Refreshing IP repositories
INFO: [IP_Flow 19-1704] No user IP repositories specified
INFO: [IP_Flow 19-2313] Loaded Vivado IP repository 'E:/Vivado/2024.2/data/ip'.
open_project: Time (s): cpu = 00:00:11 ; elapsed = 00:00:06 . Memory (MB): peak = 1588.906 ; gain = 341.703
update_compile_order -fileset sources_1
launch_simulation
Command: launch_simulation 
INFO: [Vivado 12-12493] Simulation top is 't_EX_Stage'
WARNING: [Vivado 12-13340] Unable to auto find GCC executables from simulator install path! (path not set)
INFO: [Vivado 12-5682] Launching behavioral simulation in 'C:/Users/fallo/Desktop/CECS 440/Lab 10/Lab_10/Lab_10.sim/sim_1/behav/xsim'
INFO: [SIM-utils-51] Simulation object is 'sim_1'
INFO: [SIM-utils-72] Using boost library from 'E:/Vivado/2024.2/tps/boost_1_72_0'
INFO: [SIM-utils-54] Inspecting design source files for 't_EX_Stage' in fileset 'sim_1'...
INFO: [USF-XSim-97] Finding global include files...
INFO: [USF-XSim-98] Fetching design files from 'sim_1'...
INFO: [USF-XSim-2] XSim::Compile design
INFO: [USF-XSim-61] Executing 'COMPILE and ANALYZE' step in 'C:/Users/fallo/Desktop/CECS 440/Lab 10/Lab_10/Lab_10.sim/sim_1/behav/xsim'
"xvlog --incr --relax -prj t_EX_Stage_vlog.prj"
INFO: [VRFC 10-2263] Analyzing Verilog file "C:/Users/fallo/Desktop/CECS 440/Lab 10/Lab_10/Lab_10.srcs/sources_1/new/EX_Stage.v" into library xil_defaultlib
INFO: [VRFC 10-311] analyzing module EX_Stage
INFO: [VRFC 10-2263] Analyzing Verilog file "C:/Users/fallo/Desktop/CECS 440/Lab 10/Src/adder32.v" into library xil_defaultlib
INFO: [VRFC 10-311] analyzing module adder32
INFO: [VRFC 10-2263] Analyzing Verilog file "C:/Users/fallo/Desktop/CECS 440/Lab 10/Lab_10/Lab_10.srcs/sources_1/new/alu.v" into library xil_defaultlib
INFO: [VRFC 10-311] analyzing module alu
INFO: [VRFC 10-2263] Analyzing Verilog file "C:/Users/fallo/Desktop/CECS 440/Lab 10/Src/mux2.v" into library xil_defaultlib
INFO: [VRFC 10-311] analyzing module mux2
INFO: [VRFC 10-2263] Analyzing Verilog file "C:/Users/fallo/Desktop/CECS 440/Lab 10/Lab_10/Lab_10.srcs/sources_1/new/sl2.v" into library xil_defaultlib
INFO: [VRFC 10-311] analyzing module sl2
INFO: [VRFC 10-2263] Analyzing Verilog file "C:/Users/fallo/Desktop/CECS 440/Lab 10/Lab_10/Lab_10.srcs/sim_1/new/t_EX_Stage.v" into library xil_defaultlib
INFO: [VRFC 10-311] analyzing module t_EX_Stage
INFO: [USF-XSim-69] 'compile' step finished in '2' seconds
INFO: [USF-XSim-3] XSim::Elaborate design
INFO: [USF-XSim-61] Executing 'ELABORATE' step in 'C:/Users/fallo/Desktop/CECS 440/Lab 10/Lab_10/Lab_10.sim/sim_1/behav/xsim'
"xelab --incr --debug typical --relax --mt 2 -L xil_defaultlib -L unisims_ver -L unimacro_ver -L secureip --snapshot t_EX_Stage_behav xil_defaultlib.t_EX_Stage xil_defaultlib.glbl -log elaborate.log"
Vivado Simulator v2024.2.0
Copyright 1986-2022 Xilinx, Inc. All Rights Reserved.
Copyright 2022-2024 Advanced Micro Devices, Inc. All Rights Reserved.
Running: E:/Vivado/2024.2/bin/unwrapped/win64.o/xelab.exe --incr --debug typical --relax --mt 2 -L xil_defaultlib -L unisims_ver -L unimacro_ver -L secureip --snapshot t_EX_Stage_behav xil_defaultlib.t_EX_Stage xil_defaultlib.glbl -log elaborate.log 
Using 2 slave threads.
Starting static elaboration
Pass Through NonSizing Optimizer
Completed static elaboration
Starting simulation data flow analysis
Completed simulation data flow analysis
Time Resolution for simulation is 1ps
Compiling module xil_defaultlib.alu
Compiling module xil_defaultlib.mux2(WIDTH=32)
Compiling module xil_defaultlib.mux2(WIDTH=5)
Compiling module xil_defaultlib.sl2
Compiling module xil_defaultlib.adder32
Compiling module xil_defaultlib.EX_Stage
Compiling module xil_defaultlib.t_EX_Stage
Compiling module xil_defaultlib.glbl
Built simulation snapshot t_EX_Stage_behav
INFO: [USF-XSim-69] 'elaborate' step finished in '2' seconds
INFO: [USF-XSim-4] XSim::Simulate design
INFO: [USF-XSim-61] Executing 'SIMULATE' step in 'C:/Users/fallo/Desktop/CECS 440/Lab 10/Lab_10/Lab_10.sim/sim_1/behav/xsim'
INFO: [USF-XSim-98] *** Running xsim
   with args "t_EX_Stage_behav -key {Behavioral:sim_1:Functional:t_EX_Stage} -tclbatch {t_EX_Stage.tcl} -log {simulate.log}"
INFO: [USF-XSim-8] Loading simulator feature
Time resolution is 1 ps
source t_EX_Stage.tcl
# set curr_wave [current_wave_config]
# if { [string length $curr_wave] == 0 } {
#   if { [llength [get_objects]] > 0} {
#     add_wave /
#     set_property needs_save false [current_wave_config]
#   } else {
#      send_msg_id Add_Wave-1 WARNING "No top level signals found. Simulator will start without a wave window. If you want to open a wave window go to 'File->New Waveform Configuration' or type 'create_wave_config' in the TCL console."
#   }
# }
# run 1000ns
ALU is performing AND
aluoutE = 00001010
ALU is performing OR
aluoutE = 00003636
ALU is performing ADD
aluoutE = 00004646
ALU Operation is invalid
aluoutE = xxxxxxxx
ALU is performing SUB
aluoutE = ffffddde
ALU is performing SLT
aluoutE = 00000001
$finish called at time : 16 ns : File "C:/Users/fallo/Desktop/CECS 440/Lab 10/Lab_10/Lab_10.srcs/sim_1/new/t_EX_Stage.v" Line 38
INFO: [USF-XSim-96] XSim completed. Design snapshot 't_EX_Stage_behav' loaded.
INFO: [USF-XSim-97] XSim simulation ran for 1000ns
launch_simulation: Time (s): cpu = 00:00:04 ; elapsed = 00:00:06 . Memory (MB): peak = 1651.234 ; gain = 25.738
close_sim
INFO: [Simtcl 6-16] Simulation closed
exit
INFO: [Common 17-206] Exiting Vivado at Mon Dec  1 14:39:07 2025...
