Vivado Simulator v2024.2.0
Copyright 1986-2022 Xilinx, Inc. All Rights Reserved.
Copyright 2022-2024 Advanced Micro Devices, Inc. All Rights Reserved.
Running: E:/Vivado/2024.2/bin/unwrapped/win64.o/xelab.exe --incr --debug typical --relax --mt 2 -L xil_defaultlib -L unisims_ver -L unimacro_ver -L secureip --snapshot t_IF_behav xil_defaultlib.t_IF xil_defaultlib.glbl -log elaborate.log 
Using 2 slave threads.
Starting static elaboration
Pass Through NonSizing Optimizer
WARNING: [VRFC 10-3091] actual bit length 32 differs from formal bit length 8 for port 'd' [C:/Users/fallo/Desktop/CECS 440/Lab 9/Lab_9/Lab_9.srcs/sources_1/new/IF_Stage.v:18]
Completed static elaboration
Starting simulation data flow analysis
Completed simulation data flow analysis
Time Resolution for simulation is 1ps
Compiling module xil_defaultlib.register
Compiling module xil_defaultlib.adder32
Compiling module xil_defaultlib.mux2(WIDTH=32)
Compiling module xil_defaultlib.imem
Compiling module xil_defaultlib.IF_Stage
Compiling module xil_defaultlib.t_IF
Compiling module xil_defaultlib.glbl
Built simulation snapshot t_IF_behav
