#-----------------------------------------------------------
# Vivado v2024.2 (64-bit)
# SW Build 5239630 on Fri Nov 08 22:35:27 MST 2024
# IP Build 5239520 on Sun Nov 10 16:12:51 MST 2024
# SharedData Build 5239561 on Fri Nov 08 14:39:27 MST 2024
# Start of session at: Thu Nov 13 09:02:26 2025
# Process ID         : 31784
# Current directory  : C:/Users/fallo/Desktop/CECS 440/Lab 8/Lab_8
# Command line       : vivado.exe -gui_launcher_event rodinguilauncherevent31512 C:\Users\fallo\Desktop\CECS 440\Lab 8\Lab_8\Lab_8.xpr
# Log file           : C:/Users/fallo/Desktop/CECS 440/Lab 8/Lab_8/vivado.log
# Journal file       : C:/Users/fallo/Desktop/CECS 440/Lab 8/Lab_8\vivado.jou
# Running On         : S340
# Platform           : Windows Server 2016 or Windows 10
# Operating System   : 26100
# Processor Detail   : AMD Ryzen 7 7800X3D 8-Core Processor           
# CPU Frequency      : 4192 MHz
# CPU Physical cores : 8
# CPU Logical cores  : 16
# Host memory        : 33411 MB
# Swap memory        : 16106 MB
# Total Virtual      : 49517 MB
# Available Virtual  : 30663 MB
#-----------------------------------------------------------
start_gui
open_project {C:/Users/fallo/Desktop/CECS 440/Lab 8/Lab_8/Lab_8.xpr}
WARNING: [Board 49-26] cannot add Board Part xilinx.com:zcu208ld:part0:2.0 available at E:/Vivado/2024.2/data/xhub/boards/XilinxBoardStore/boards/Xilinx/zcu208ld/production/2.0/board.xml as part xczu58dr-fsvg1517-2-i specified in board_part file is either invalid or not available
WARNING: [Board 49-26] cannot add Board Part xilinx.com:zcu216ld:part0:2.0 available at E:/Vivado/2024.2/data/xhub/boards/XilinxBoardStore/boards/Xilinx/zcu216ld/production/2.0/board.xml as part xczu59dr-ffvf1760-2-i specified in board_part file is either invalid or not available
WARNING: [Board 49-26] cannot add Board Part xilinx.com:zcu670ld:part0:1.0 available at E:/Vivado/2024.2/data/xhub/boards/XilinxBoardStore/boards/Xilinx/zcu670ld/1.0/board.xml as part xczu57dr-fsve1156-2-i specified in board_part file is either invalid or not available
INFO: [filemgmt 56-3] Default IP Output Path : Could not find the directory 'C:/Users/fallo/Desktop/CECS 440/Lab 8/Lab_8/Lab_8.gen/sources_1'.
Scanning sources...
Finished scanning sources
INFO: [IP_Flow 19-234] Refreshing IP repositories
INFO: [IP_Flow 19-1704] No user IP repositories specified
INFO: [IP_Flow 19-2313] Loaded Vivado IP repository 'E:/Vivado/2024.2/data/ip'.
open_project: Time (s): cpu = 00:00:20 ; elapsed = 00:00:11 . Memory (MB): peak = 1600.059 ; gain = 355.367
update_compile_order -fileset sources_1
launch_simulation
Command: launch_simulation 
INFO: [Vivado 12-12493] Simulation top is 't_MEM_Stage'
WARNING: [Vivado 12-13340] Unable to auto find GCC executables from simulator install path! (path not set)
INFO: [Vivado 12-5682] Launching behavioral simulation in 'C:/Users/fallo/Desktop/CECS 440/Lab 8/Lab_8/Lab_8.sim/sim_1/behav/xsim'
INFO: [SIM-utils-51] Simulation object is 'sim_1'
INFO: [SIM-utils-72] Using boost library from 'E:/Vivado/2024.2/tps/boost_1_72_0'
INFO: [SIM-utils-54] Inspecting design source files for 't_MEM_Stage' in fileset 'sim_1'...
INFO: [USF-XSim-97] Finding global include files...
INFO: [USF-XSim-98] Fetching design files from 'sim_1'...
INFO: [USF-XSim-2] XSim::Compile design
INFO: [USF-XSim-61] Executing 'COMPILE and ANALYZE' step in 'C:/Users/fallo/Desktop/CECS 440/Lab 8/Lab_8/Lab_8.sim/sim_1/behav/xsim'
"xvlog --incr --relax -prj t_MEM_Stage_vlog.prj"
INFO: [VRFC 10-2263] Analyzing Verilog file "C:/Users/fallo/Desktop/CECS 440/Lab 8/Lab_8/Lab_8.srcs/sources_1/new/MEM_Stage.v" into library xil_defaultlib
INFO: [VRFC 10-311] analyzing module MEM_Stage
INFO: [VRFC 10-2263] Analyzing Verilog file "C:/Users/fallo/Desktop/CECS 440/Lab 8/Lab_8/Lab_8.srcs/sources_1/new/dmem.v" into library xil_defaultlib
INFO: [VRFC 10-311] analyzing module dmem
INFO: [VRFC 10-2263] Analyzing Verilog file "C:/Users/fallo/Desktop/CECS 440/Lab 8/Lab_8/Lab_8.srcs/sim_1/new/t_MEM_Stage.v" into library xil_defaultlib
INFO: [VRFC 10-311] analyzing module t_MEM_Stage
INFO: [USF-XSim-69] 'compile' step finished in '1' seconds
INFO: [USF-XSim-3] XSim::Elaborate design
INFO: [USF-XSim-61] Executing 'ELABORATE' step in 'C:/Users/fallo/Desktop/CECS 440/Lab 8/Lab_8/Lab_8.sim/sim_1/behav/xsim'
"xelab --incr --debug typical --relax --mt 2 -L xil_defaultlib -L unisims_ver -L unimacro_ver -L secureip --snapshot t_MEM_Stage_behav xil_defaultlib.t_MEM_Stage xil_defaultlib.glbl -log elaborate.log"
Vivado Simulator v2024.2.0
Copyright 1986-2022 Xilinx, Inc. All Rights Reserved.
Copyright 2022-2024 Advanced Micro Devices, Inc. All Rights Reserved.
Running: E:/Vivado/2024.2/bin/unwrapped/win64.o/xelab.exe --incr --debug typical --relax --mt 2 -L xil_defaultlib -L unisims_ver -L unimacro_ver -L secureip --snapshot t_MEM_Stage_behav xil_defaultlib.t_MEM_Stage xil_defaultlib.glbl -log elaborate.log 
Using 2 slave threads.
Starting static elaboration
Pass Through NonSizing Optimizer
Completed static elaboration
Starting simulation data flow analysis
Completed simulation data flow analysis
Time Resolution for simulation is 1ps
Compiling module xil_defaultlib.dmem
Compiling module xil_defaultlib.MEM_Stage
Compiling module xil_defaultlib.t_MEM_Stage
Compiling module xil_defaultlib.glbl
Built simulation snapshot t_MEM_Stage_behav
INFO: [USF-XSim-69] 'elaborate' step finished in '2' seconds
INFO: [USF-XSim-4] XSim::Simulate design
INFO: [USF-XSim-61] Executing 'SIMULATE' step in 'C:/Users/fallo/Desktop/CECS 440/Lab 8/Lab_8/Lab_8.sim/sim_1/behav/xsim'
INFO: [USF-XSim-98] *** Running xsim
   with args "t_MEM_Stage_behav -key {Behavioral:sim_1:Functional:t_MEM_Stage} -tclbatch {t_MEM_Stage.tcl} -log {simulate.log}"
INFO: [USF-XSim-8] Loading simulator feature
Time resolution is 1 ps
source t_MEM_Stage.tcl
# set curr_wave [current_wave_config]
# if { [string length $curr_wave] == 0 } {
#   if { [llength [get_objects]] > 0} {
#     add_wave /
#     set_property needs_save false [current_wave_config]
#   } else {
#      send_msg_id Add_Wave-1 WARNING "No top level signals found. Simulator will start without a wave window. If you want to open a wave window go to 'File->New Waveform Configuration' or type 'create_wave_config' in the TCL console."
#   }
# }
# run 1000ns
dmem[00000000] = xxxxxxxx
dmem[00000001] = xxxxxxxx
dmem[00000002] = xxxxxxxx
dmem[00000003] = xxxxxxxx
Control signals OK
dmem[00000000] = 01010101
dmem[00000001] = xxxxxxxx
dmem[00000002] = xxxxxxxx
dmem[00000003] = xxxxxxxx
Control signals OK
dmem[00000000] = 01010101
dmem[00000001] = 12121212
dmem[00000002] = xxxxxxxx
dmem[00000003] = xxxxxxxx
Control signals OK
dmem[00000000] = 01010101
dmem[00000001] = 12121212
dmem[00000002] = 23232323
dmem[00000003] = xxxxxxxx
$finish called at time : 81 ns : File "C:/Users/fallo/Desktop/CECS 440/Lab 8/Lab_8/Lab_8.srcs/sim_1/new/t_MEM_Stage.v" Line 54
INFO: [USF-XSim-96] XSim completed. Design snapshot 't_MEM_Stage_behav' loaded.
INFO: [USF-XSim-97] XSim simulation ran for 1000ns
launch_simulation: Time (s): cpu = 00:00:04 ; elapsed = 00:00:07 . Memory (MB): peak = 1659.449 ; gain = 25.574
close_sim
INFO: [Simtcl 6-16] Simulation closed
exit
INFO: [Common 17-206] Exiting Vivado at Thu Nov 13 10:20:11 2025...
