#-----------------------------------------------------------
# Vivado v2024.2 (64-bit)
# SW Build 5239630 on Fri Nov 08 22:35:27 MST 2024
# IP Build 5239520 on Sun Nov 10 16:12:51 MST 2024
# SharedData Build 5239561 on Fri Nov 08 14:39:27 MST 2024
# Start of session at: Wed Dec  3 23:57:16 2025
# Process ID         : 8660
# Current directory  : C:/Users/santa/Downloads/lab11-v1/lab11-v1
# Command line       : vivado.exe -gui_launcher_event rodinguilauncherevent16884 C:\Users\santa\Downloads\lab11-v1\lab11-v1\lab11-v1.xpr
# Log file           : C:/Users/santa/Downloads/lab11-v1/lab11-v1/vivado.log
# Journal file       : C:/Users/santa/Downloads/lab11-v1/lab11-v1\vivado.jou
# Running On         : Enclave
# Platform           : Windows Server 2016 or Windows 10
# Operating System   : 26100
# Processor Detail   : Intel(R) Core(TM) i7-8750H CPU @ 2.20GHz
# CPU Frequency      : 2208 MHz
# CPU Physical cores : 6
# CPU Logical cores  : 12
# Host memory        : 16905 MB
# Swap memory        : 1073 MB
# Total Virtual      : 17978 MB
# Available Virtual  : 7840 MB
#-----------------------------------------------------------
start_gui
open_project C:/Users/santa/Downloads/lab11-v1/lab11-v1/lab11-v1.xpr
INFO: [Project 1-313] Project file moved from 'C:/Users/adria/CECS440_Fall2025/lab11-v1' since last save.
WARNING: [filemgmt 56-2] Board Part Repository Path: Could not find the directory 'C:/Users/santa/Downloads/AppData/Roaming/Xilinx/Vivado/2022.2/xhub/board_store/xilinx_board_store', nor could it be found using path 'C:/Users/adria/AppData/Roaming/Xilinx/Vivado/2022.2/xhub/board_store/xilinx_board_store'.
INFO: [filemgmt 56-3] Default IP Output Path : Could not find the directory 'C:/Users/santa/Downloads/lab11-v1/lab11-v1/lab11-v1.gen/sources_1'.
CRITICAL WARNING: [Project 1-311] Could not find the file 'C:/Users/santa/Downloads/lab11-v1/lab5-v0/lab5-v0.srcs/sources_1/new/regfile.v', nor could it be found using path 'C:/Users/adria/CECS440_Fall2025/lab5-v0/lab5-v0.srcs/sources_1/new/regfile.v'.
Scanning sources...
Finished scanning sources
INFO: [Project 1-230] Project 'lab11-v1.xpr' upgraded for this version of Vivado.
INFO: [IP_Flow 19-234] Refreshing IP repositories
INFO: [IP_Flow 19-1704] No user IP repositories specified
INFO: [IP_Flow 19-2313] Loaded Vivado IP repository 'C:/Xilinx/Vivado/2024.2/data/ip'.
update_compile_order -fileset sources_1
launch_simulation
Command: launch_simulation 
INFO: [Vivado 12-12493] Simulation top is 't_ID_Stage'
WARNING: [Vivado 12-13340] Unable to auto find GCC executables from simulator install path! (path not set)
INFO: [Vivado 12-5682] Launching behavioral simulation in 'C:/Users/santa/Downloads/lab11-v1/lab11-v1/lab11-v1.sim/sim_1/behav/xsim'
INFO: [SIM-utils-51] Simulation object is 'sim_1'
INFO: [SIM-utils-72] Using boost library from 'C:/Xilinx/Vivado/2024.2/tps/boost_1_72_0'
INFO: [SIM-utils-54] Inspecting design source files for 't_ID_Stage' in fileset 'sim_1'...
INFO: [USF-XSim-97] Finding global include files...
INFO: [USF-XSim-98] Fetching design files from 'sim_1'...
INFO: [USF-XSim-2] XSim::Compile design
INFO: [USF-XSim-61] Executing 'COMPILE and ANALYZE' step in 'C:/Users/santa/Downloads/lab11-v1/lab11-v1/lab11-v1.sim/sim_1/behav/xsim'
"xvlog --incr --relax -prj t_ID_Stage_vlog.prj"
INFO: [VRFC 10-2263] Analyzing Verilog file "C:/Users/santa/Downloads/lab11-v1/lab11-v1/lab11-v1.srcs/sources_1/new/controlUnit.v" into library xil_defaultlib
INFO: [VRFC 10-311] analyzing module controlUnit
INFO: [VRFC 10-2263] Analyzing Verilog file "C:/Users/santa/Downloads/lab11-v1/lab11-v1/lab11-v1.srcs/sources_1/new/design.v" into library xil_defaultlib
INFO: [VRFC 10-311] analyzing module regfile
INFO: [VRFC 10-311] analyzing module se16
INFO: [VRFC 10-311] analyzing module controlUnit
WARNING: [VRFC 10-3609] overwriting previous definition of module 'controlUnit' [C:/Users/santa/Downloads/lab11-v1/lab11-v1/lab11-v1.srcs/sources_1/new/controlUnit.v:23]
INFO: [VRFC 10-311] analyzing module ID_Stage
INFO: [VRFC 10-2263] Analyzing Verilog file "C:/Users/santa/Downloads/lab11-v1/lab11-v1/lab11-v1.srcs/sources_1/new/se16.v" into library xil_defaultlib
INFO: [VRFC 10-311] analyzing module se16
WARNING: [VRFC 10-3609] overwriting previous definition of module 'se16' [C:/Users/santa/Downloads/lab11-v1/lab11-v1/lab11-v1.srcs/sources_1/new/se16.v:23]
INFO: [VRFC 10-2263] Analyzing Verilog file "C:/Users/santa/Downloads/lab11-v1/lab11-v1/lab11-v1.srcs/sim_1/new/design_tb.v" into library xil_defaultlib
INFO: [VRFC 10-311] analyzing module t_ID_Stage
INFO: [VRFC 10-2263] Analyzing Verilog file "C:/Users/santa/Downloads/lab11-v1/lab11-v1/lab11-v1.sim/sim_1/behav/xsim/glbl.v" into library xil_defaultlib
INFO: [VRFC 10-311] analyzing module glbl
INFO: [USF-XSim-69] 'compile' step finished in '2' seconds
INFO: [USF-XSim-3] XSim::Elaborate design
INFO: [USF-XSim-61] Executing 'ELABORATE' step in 'C:/Users/santa/Downloads/lab11-v1/lab11-v1/lab11-v1.sim/sim_1/behav/xsim'
"xelab --incr --debug typical --relax --mt 2 -L xil_defaultlib -L unisims_ver -L unimacro_ver -L secureip --snapshot t_ID_Stage_behav xil_defaultlib.t_ID_Stage xil_defaultlib.glbl -log elaborate.log"
Vivado Simulator v2024.2.0
Copyright 1986-2022 Xilinx, Inc. All Rights Reserved.
Copyright 2022-2024 Advanced Micro Devices, Inc. All Rights Reserved.
Running: C:/Xilinx/Vivado/2024.2/bin/unwrapped/win64.o/xelab.exe --incr --debug typical --relax --mt 2 -L xil_defaultlib -L unisims_ver -L unimacro_ver -L secureip --snapshot t_ID_Stage_behav xil_defaultlib.t_ID_Stage xil_defaultlib.glbl -log elaborate.log 
Using 2 slave threads.
Starting static elaboration
Pass Through NonSizing Optimizer
Completed static elaboration
Starting simulation data flow analysis
Completed simulation data flow analysis
Time Resolution for simulation is 1ps
Compiling module xil_defaultlib.controlUnit
Compiling module xil_defaultlib.regfile
Compiling module xil_defaultlib.se16
Compiling module xil_defaultlib.ID_Stage
Compiling module xil_defaultlib.t_ID_Stage
Compiling module xil_defaultlib.glbl
Built simulation snapshot t_ID_Stage_behav
INFO: [USF-XSim-69] 'elaborate' step finished in '3' seconds
INFO: [USF-XSim-4] XSim::Simulate design
INFO: [USF-XSim-61] Executing 'SIMULATE' step in 'C:/Users/santa/Downloads/lab11-v1/lab11-v1/lab11-v1.sim/sim_1/behav/xsim'
INFO: [USF-XSim-98] *** Running xsim
   with args "t_ID_Stage_behav -key {Behavioral:sim_1:Functional:t_ID_Stage} -tclbatch {t_ID_Stage.tcl} -log {simulate.log}"
INFO: [USF-XSim-8] Loading simulator feature
Time resolution is 1 ps
source t_ID_Stage.tcl
# set curr_wave [current_wave_config]
# if { [string length $curr_wave] == 0 } {
#   if { [llength [get_objects]] > 0} {
#     add_wave /
#     set_property needs_save false [current_wave_config]
#   } else {
#      send_msg_id Add_Wave-1 WARNING "No top level signals found. Simulator will start without a wave window. If you want to open a wave window go to 'File->New Waveform Configuration' or type 'create_wave_config' in the TCL console."
#   }
# }
# run 1000ns
Control Signals for test case 0: 1000010011
Control Signals for test case 1: 1000110011
Control Signals for test case 2: 1000111011
Control Signals for test case 3: 0x011100x0
Control Signals for test case 4: 1100010101
Control Signals for test case 5: 0x100101x0
Control Signals for test case 6: 1000000011
Control Signals for test case 7: 1000001011
$finish called at time : 86 ns : File "C:/Users/santa/Downloads/lab11-v1/lab11-v1/lab11-v1.srcs/sim_1/new/design_tb.v" Line 75
INFO: [USF-XSim-96] XSim completed. Design snapshot 't_ID_Stage_behav' loaded.
INFO: [USF-XSim-97] XSim simulation ran for 1000ns
launch_simulation: Time (s): cpu = 00:00:09 ; elapsed = 00:00:10 . Memory (MB): peak = 1206.066 ; gain = 9.477
close_sim
INFO: [Simtcl 6-16] Simulation closed
exit
INFO: [Common 17-206] Exiting Vivado at Wed Dec  3 23:59:55 2025...
