#-----------------------------------------------------------
# Vivado v2024.2 (64-bit)
# SW Build 5239630 on Fri Nov 08 22:35:27 MST 2024
# IP Build 5239520 on Sun Nov 10 16:12:51 MST 2024
# SharedData Build 5239561 on Fri Nov 08 14:39:27 MST 2024
# Start of session at: Mon Dec  8 20:58:39 2025
# Process ID         : 14036
# Current directory  : C:/Users/fallo/Desktop/lab11-v1/lab11
# Command line       : vivado.exe -gui_launcher_event rodinguilauncherevent41716 C:\Users\fallo\Desktop\lab11-v1\lab11\lab11-v1.xpr
# Log file           : C:/Users/fallo/Desktop/lab11-v1/lab11/vivado.log
# Journal file       : C:/Users/fallo/Desktop/lab11-v1/lab11\vivado.jou
# Running On         : S340
# Platform           : Windows Server 2016 or Windows 10
# Operating System   : 26200
# Processor Detail   : AMD Ryzen 7 7800X3D 8-Core Processor           
# CPU Frequency      : 4192 MHz
# CPU Physical cores : 8
# CPU Logical cores  : 16
# Host memory        : 33411 MB
# Swap memory        : 21474 MB
# Total Virtual      : 54886 MB
# Available Virtual  : 36812 MB
#-----------------------------------------------------------
start_gui
open_project C:/Users/fallo/Desktop/lab11-v1/lab11/lab11-v1.xpr
WARNING: [Board 49-26] cannot add Board Part xilinx.com:zcu208ld:part0:2.0 available at E:/Vivado/2024.2/data/xhub/boards/XilinxBoardStore/boards/Xilinx/zcu208ld/production/2.0/board.xml as part xczu58dr-fsvg1517-2-i specified in board_part file is either invalid or not available
WARNING: [Board 49-26] cannot add Board Part xilinx.com:zcu216ld:part0:2.0 available at E:/Vivado/2024.2/data/xhub/boards/XilinxBoardStore/boards/Xilinx/zcu216ld/production/2.0/board.xml as part xczu59dr-ffvf1760-2-i specified in board_part file is either invalid or not available
WARNING: [Board 49-26] cannot add Board Part xilinx.com:zcu670ld:part0:1.0 available at E:/Vivado/2024.2/data/xhub/boards/XilinxBoardStore/boards/Xilinx/zcu670ld/1.0/board.xml as part xczu57dr-fsve1156-2-i specified in board_part file is either invalid or not available
INFO: [Project 1-313] Project file moved from 'C:/Users/santa/OneDrive/Desktop/CECS_440/lab11-v1/lab11' since last save.
INFO: [filemgmt 56-3] Default IP Output Path : Could not find the directory 'C:/Users/fallo/Desktop/lab11-v1/lab11/lab11-v1.gen/sources_1'.
CRITICAL WARNING: [Project 1-311] Could not find the file 'C:/Users/fallo/Desktop/lab11-v1/lab5-v0/lab5-v0.srcs/sources_1/new/regfile.v', nor could it be found using path 'C:/Users/santa/OneDrive/Desktop/CECS_440/lab11-v1/lab5-v0/lab5-v0.srcs/sources_1/new/regfile.v'.
Scanning sources...
Finished scanning sources
INFO: [IP_Flow 19-234] Refreshing IP repositories
INFO: [IP_Flow 19-1704] No user IP repositories specified
INFO: [IP_Flow 19-2313] Loaded Vivado IP repository 'E:/Vivado/2024.2/data/ip'.
open_project: Time (s): cpu = 00:00:18 ; elapsed = 00:00:10 . Memory (MB): peak = 1589.531 ; gain = 350.992
update_compile_order -fileset sources_1
launch_simulation
Command: launch_simulation 
INFO: [Vivado 12-12493] Simulation top is 't_ID_Stage'
WARNING: [Vivado 12-13340] Unable to auto find GCC executables from simulator install path! (path not set)
INFO: [Vivado 12-5682] Launching behavioral simulation in 'C:/Users/fallo/Desktop/lab11-v1/lab11/lab11-v1.sim/sim_1/behav/xsim'
INFO: [SIM-utils-51] Simulation object is 'sim_1'
INFO: [SIM-utils-72] Using boost library from 'E:/Vivado/2024.2/tps/boost_1_72_0'
INFO: [SIM-utils-54] Inspecting design source files for 't_ID_Stage' in fileset 'sim_1'...
INFO: [USF-XSim-97] Finding global include files...
INFO: [USF-XSim-98] Fetching design files from 'sim_1'...
INFO: [USF-XSim-2] XSim::Compile design
INFO: [USF-XSim-61] Executing 'COMPILE and ANALYZE' step in 'C:/Users/fallo/Desktop/lab11-v1/lab11/lab11-v1.sim/sim_1/behav/xsim'
"xvlog --incr --relax -prj t_ID_Stage_vlog.prj"
INFO: [VRFC 10-2263] Analyzing Verilog file "C:/Users/fallo/Desktop/lab11-v1/lab11/lab11-v1.srcs/sources_1/new/controlUnit.v" into library xil_defaultlib
INFO: [VRFC 10-311] analyzing module controlUnit
INFO: [VRFC 10-2263] Analyzing Verilog file "C:/Users/fallo/Desktop/lab11-v1/lab11/lab11-v1.srcs/sources_1/new/design.v" into library xil_defaultlib
INFO: [VRFC 10-311] analyzing module regfile
INFO: [VRFC 10-311] analyzing module se16
INFO: [VRFC 10-311] analyzing module controlUnit
WARNING: [VRFC 10-3609] overwriting previous definition of module 'controlUnit' [C:/Users/fallo/Desktop/lab11-v1/lab11/lab11-v1.srcs/sources_1/new/controlUnit.v:8]
INFO: [VRFC 10-311] analyzing module ID_Stage
INFO: [VRFC 10-2263] Analyzing Verilog file "C:/Users/fallo/Desktop/lab11-v1/lab11/lab11-v1.srcs/sources_1/new/se16.v" into library xil_defaultlib
INFO: [VRFC 10-311] analyzing module se16
WARNING: [VRFC 10-3609] overwriting previous definition of module 'se16' [C:/Users/fallo/Desktop/lab11-v1/lab11/lab11-v1.srcs/sources_1/new/se16.v:8]
INFO: [VRFC 10-2263] Analyzing Verilog file "C:/Users/fallo/Desktop/lab11-v1/lab11/lab11-v1.srcs/sim_1/new/design_tb.v" into library xil_defaultlib
INFO: [VRFC 10-311] analyzing module t_ID_Stage
INFO: [VRFC 10-2263] Analyzing Verilog file "C:/Users/fallo/Desktop/lab11-v1/lab11/lab11-v1.sim/sim_1/behav/xsim/glbl.v" into library xil_defaultlib
INFO: [VRFC 10-311] analyzing module glbl
INFO: [USF-XSim-69] 'compile' step finished in '2' seconds
INFO: [USF-XSim-3] XSim::Elaborate design
INFO: [USF-XSim-61] Executing 'ELABORATE' step in 'C:/Users/fallo/Desktop/lab11-v1/lab11/lab11-v1.sim/sim_1/behav/xsim'
"xelab --incr --debug typical --relax --mt 2 -L xil_defaultlib -L unisims_ver -L unimacro_ver -L secureip --snapshot t_ID_Stage_behav xil_defaultlib.t_ID_Stage xil_defaultlib.glbl -log elaborate.log"
Vivado Simulator v2024.2.0
Copyright 1986-2022 Xilinx, Inc. All Rights Reserved.
Copyright 2022-2024 Advanced Micro Devices, Inc. All Rights Reserved.
Running: E:/Vivado/2024.2/bin/unwrapped/win64.o/xelab.exe --incr --debug typical --relax --mt 2 -L xil_defaultlib -L unisims_ver -L unimacro_ver -L secureip --snapshot t_ID_Stage_behav xil_defaultlib.t_ID_Stage xil_defaultlib.glbl -log elaborate.log 
Using 2 slave threads.
Starting static elaboration
Pass Through NonSizing Optimizer
Completed static elaboration
Starting simulation data flow analysis
Completed simulation data flow analysis
Time Resolution for simulation is 1ps
Compiling module xil_defaultlib.controlUnit
Compiling module xil_defaultlib.regfile
Compiling module xil_defaultlib.se16
Compiling module xil_defaultlib.ID_Stage
Compiling module xil_defaultlib.t_ID_Stage
Compiling module xil_defaultlib.glbl
Built simulation snapshot t_ID_Stage_behav
INFO: [USF-XSim-69] 'elaborate' step finished in '2' seconds
INFO: [USF-XSim-4] XSim::Simulate design
INFO: [USF-XSim-61] Executing 'SIMULATE' step in 'C:/Users/fallo/Desktop/lab11-v1/lab11/lab11-v1.sim/sim_1/behav/xsim'
INFO: [USF-XSim-98] *** Running xsim
   with args "t_ID_Stage_behav -key {Behavioral:sim_1:Functional:t_ID_Stage} -tclbatch {t_ID_Stage.tcl} -log {simulate.log}"
INFO: [USF-XSim-8] Loading simulator feature
Time resolution is 1 ps
source t_ID_Stage.tcl
# set curr_wave [current_wave_config]
# if { [string length $curr_wave] == 0 } {
#   if { [llength [get_objects]] > 0} {
#     add_wave /
#     set_property needs_save false [current_wave_config]
#   } else {
#      send_msg_id Add_Wave-1 WARNING "No top level signals found. Simulator will start without a wave window. If you want to open a wave window go to 'File->New Waveform Configuration' or type 'create_wave_config' in the TCL console."
#   }
# }
# run 1000ns
Control Signals for test case 0: 1000010011
Control Signals for test case 1: 1000110011
Control Signals for test case 2: 1000111011
Control Signals for test case 3: 0x011100x0
Control Signals for test case 4: 1100010101
Control Signals for test case 5: 0x100101x0
Control Signals for test case 6: 1000000011
Control Signals for test case 7: 1000001011
$finish called at time : 86 ns : File "C:/Users/fallo/Desktop/lab11-v1/lab11/lab11-v1.srcs/sim_1/new/design_tb.v" Line 81
INFO: [USF-XSim-96] XSim completed. Design snapshot 't_ID_Stage_behav' loaded.
INFO: [USF-XSim-97] XSim simulation ran for 1000ns
launch_simulation: Time (s): cpu = 00:00:03 ; elapsed = 00:00:08 . Memory (MB): peak = 1648.090 ; gain = 5.270
close_sim
INFO: [Simtcl 6-16] Simulation closed
launch_simulation
Command: launch_simulation 
INFO: [Vivado 12-12493] Simulation top is 't_ID_Stage'
WARNING: [Vivado 12-13340] Unable to auto find GCC executables from simulator install path! (path not set)
INFO: [Vivado 12-5682] Launching behavioral simulation in 'C:/Users/fallo/Desktop/lab11-v1/lab11/lab11-v1.sim/sim_1/behav/xsim'
INFO: [SIM-utils-51] Simulation object is 'sim_1'
INFO: [SIM-utils-72] Using boost library from 'E:/Vivado/2024.2/tps/boost_1_72_0'
INFO: [SIM-utils-54] Inspecting design source files for 't_ID_Stage' in fileset 'sim_1'...
INFO: [USF-XSim-97] Finding global include files...
INFO: [USF-XSim-98] Fetching design files from 'sim_1'...
INFO: [USF-XSim-2] XSim::Compile design
INFO: [USF-XSim-61] Executing 'COMPILE and ANALYZE' step in 'C:/Users/fallo/Desktop/lab11-v1/lab11/lab11-v1.sim/sim_1/behav/xsim'
"xvlog --incr --relax -prj t_ID_Stage_vlog.prj"
INFO: [VRFC 10-2263] Analyzing Verilog file "C:/Users/fallo/Desktop/lab11-v1/lab11/lab11-v1.srcs/sources_1/new/controlUnit.v" into library xil_defaultlib
INFO: [VRFC 10-311] analyzing module controlUnit
INFO: [VRFC 10-2263] Analyzing Verilog file "C:/Users/fallo/Desktop/lab11-v1/lab11/lab11-v1.srcs/sources_1/new/design.v" into library xil_defaultlib
INFO: [VRFC 10-311] analyzing module regfile
INFO: [VRFC 10-311] analyzing module se16
INFO: [VRFC 10-311] analyzing module controlUnit
WARNING: [VRFC 10-3609] overwriting previous definition of module 'controlUnit' [C:/Users/fallo/Desktop/lab11-v1/lab11/lab11-v1.srcs/sources_1/new/controlUnit.v:8]
INFO: [VRFC 10-311] analyzing module ID_Stage
INFO: [VRFC 10-2263] Analyzing Verilog file "C:/Users/fallo/Desktop/lab11-v1/lab11/lab11-v1.srcs/sources_1/new/se16.v" into library xil_defaultlib
INFO: [VRFC 10-311] analyzing module se16
WARNING: [VRFC 10-3609] overwriting previous definition of module 'se16' [C:/Users/fallo/Desktop/lab11-v1/lab11/lab11-v1.srcs/sources_1/new/se16.v:8]
INFO: [VRFC 10-2263] Analyzing Verilog file "C:/Users/fallo/Desktop/lab11-v1/lab11/lab11-v1.srcs/sim_1/new/design_tb.v" into library xil_defaultlib
INFO: [VRFC 10-311] analyzing module t_ID_Stage
INFO: [USF-XSim-69] 'compile' step finished in '1' seconds
INFO: [USF-XSim-3] XSim::Elaborate design
INFO: [USF-XSim-61] Executing 'ELABORATE' step in 'C:/Users/fallo/Desktop/lab11-v1/lab11/lab11-v1.sim/sim_1/behav/xsim'
"xelab --incr --debug typical --relax --mt 2 -L xil_defaultlib -L unisims_ver -L unimacro_ver -L secureip --snapshot t_ID_Stage_behav xil_defaultlib.t_ID_Stage xil_defaultlib.glbl -log elaborate.log"
Vivado Simulator v2024.2.0
Copyright 1986-2022 Xilinx, Inc. All Rights Reserved.
Copyright 2022-2024 Advanced Micro Devices, Inc. All Rights Reserved.
Running: E:/Vivado/2024.2/bin/unwrapped/win64.o/xelab.exe --incr --debug typical --relax --mt 2 -L xil_defaultlib -L unisims_ver -L unimacro_ver -L secureip --snapshot t_ID_Stage_behav xil_defaultlib.t_ID_Stage xil_defaultlib.glbl -log elaborate.log 
Using 2 slave threads.
Starting static elaboration
Pass Through NonSizing Optimizer
Completed static elaboration
Starting simulation data flow analysis
Completed simulation data flow analysis
Time Resolution for simulation is 1ps
Compiling module xil_defaultlib.controlUnit
Compiling module xil_defaultlib.regfile
Compiling module xil_defaultlib.se16
Compiling module xil_defaultlib.ID_Stage
Compiling module xil_defaultlib.t_ID_Stage
Compiling module xil_defaultlib.glbl
Built simulation snapshot t_ID_Stage_behav
INFO: [USF-XSim-69] 'elaborate' step finished in '2' seconds
INFO: [USF-XSim-4] XSim::Simulate design
INFO: [USF-XSim-61] Executing 'SIMULATE' step in 'C:/Users/fallo/Desktop/lab11-v1/lab11/lab11-v1.sim/sim_1/behav/xsim'
INFO: [USF-XSim-98] *** Running xsim
   with args "t_ID_Stage_behav -key {Behavioral:sim_1:Functional:t_ID_Stage} -tclbatch {t_ID_Stage.tcl} -log {simulate.log}"
INFO: [USF-XSim-8] Loading simulator feature
Time resolution is 1 ps
source t_ID_Stage.tcl
# set curr_wave [current_wave_config]
# if { [string length $curr_wave] == 0 } {
#   if { [llength [get_objects]] > 0} {
#     add_wave /
#     set_property needs_save false [current_wave_config]
#   } else {
#      send_msg_id Add_Wave-1 WARNING "No top level signals found. Simulator will start without a wave window. If you want to open a wave window go to 'File->New Waveform Configuration' or type 'create_wave_config' in the TCL console."
#   }
# }
# run 1000ns
Control Signals for test case 0: 1000010011
Control Signals for test case 1: 1000110011
Control Signals for test case 2: 1000111011
Control Signals for test case 3: 0x011100x0
Control Signals for test case 4: 1100010101
Control Signals for test case 5: 0x100101x0
Control Signals for test case 6: 1000000011
Control Signals for test case 7: 1000001011
$finish called at time : 86 ns : File "C:/Users/fallo/Desktop/lab11-v1/lab11/lab11-v1.srcs/sim_1/new/design_tb.v" Line 87
INFO: [USF-XSim-96] XSim completed. Design snapshot 't_ID_Stage_behav' loaded.
INFO: [USF-XSim-97] XSim simulation ran for 1000ns
close_sim
INFO: [Simtcl 6-16] Simulation closed
launch_simulation
Command: launch_simulation 
INFO: [Vivado 12-12493] Simulation top is 't_ID_Stage'
WARNING: [Vivado 12-13340] Unable to auto find GCC executables from simulator install path! (path not set)
INFO: [Vivado 12-5682] Launching behavioral simulation in 'C:/Users/fallo/Desktop/lab11-v1/lab11/lab11-v1.sim/sim_1/behav/xsim'
INFO: [SIM-utils-51] Simulation object is 'sim_1'
INFO: [SIM-utils-72] Using boost library from 'E:/Vivado/2024.2/tps/boost_1_72_0'
INFO: [SIM-utils-54] Inspecting design source files for 't_ID_Stage' in fileset 'sim_1'...
INFO: [USF-XSim-97] Finding global include files...
INFO: [USF-XSim-98] Fetching design files from 'sim_1'...
INFO: [USF-XSim-2] XSim::Compile design
INFO: [USF-XSim-61] Executing 'COMPILE and ANALYZE' step in 'C:/Users/fallo/Desktop/lab11-v1/lab11/lab11-v1.sim/sim_1/behav/xsim'
"xvlog --incr --relax -prj t_ID_Stage_vlog.prj"
INFO: [USF-XSim-69] 'compile' step finished in '2' seconds
INFO: [USF-XSim-3] XSim::Elaborate design
INFO: [USF-XSim-61] Executing 'ELABORATE' step in 'C:/Users/fallo/Desktop/lab11-v1/lab11/lab11-v1.sim/sim_1/behav/xsim'
"xelab --incr --debug typical --relax --mt 2 -L xil_defaultlib -L unisims_ver -L unimacro_ver -L secureip --snapshot t_ID_Stage_behav xil_defaultlib.t_ID_Stage xil_defaultlib.glbl -log elaborate.log"
Vivado Simulator v2024.2.0
Copyright 1986-2022 Xilinx, Inc. All Rights Reserved.
Copyright 2022-2024 Advanced Micro Devices, Inc. All Rights Reserved.
Running: E:/Vivado/2024.2/bin/unwrapped/win64.o/xelab.exe --incr --debug typical --relax --mt 2 -L xil_defaultlib -L unisims_ver -L unimacro_ver -L secureip --snapshot t_ID_Stage_behav xil_defaultlib.t_ID_Stage xil_defaultlib.glbl -log elaborate.log 
Using 2 slave threads.
Starting static elaboration
Pass Through NonSizing Optimizer
Completed static elaboration
INFO: [XSIM 43-4323] No Change in HDL. Linking previously generated obj files to create kernel
INFO: [USF-XSim-69] 'elaborate' step finished in '1' seconds
INFO: [USF-XSim-4] XSim::Simulate design
INFO: [USF-XSim-61] Executing 'SIMULATE' step in 'C:/Users/fallo/Desktop/lab11-v1/lab11/lab11-v1.sim/sim_1/behav/xsim'
INFO: [USF-XSim-98] *** Running xsim
   with args "t_ID_Stage_behav -key {Behavioral:sim_1:Functional:t_ID_Stage} -tclbatch {t_ID_Stage.tcl} -log {simulate.log}"
INFO: [USF-XSim-8] Loading simulator feature
Time resolution is 1 ps
source t_ID_Stage.tcl
# set curr_wave [current_wave_config]
# if { [string length $curr_wave] == 0 } {
#   if { [llength [get_objects]] > 0} {
#     add_wave /
#     set_property needs_save false [current_wave_config]
#   } else {
#      send_msg_id Add_Wave-1 WARNING "No top level signals found. Simulator will start without a wave window. If you want to open a wave window go to 'File->New Waveform Configuration' or type 'create_wave_config' in the TCL console."
#   }
# }
# run 1000ns
Control Signals for test case 0: 1000010011
Control Signals for test case 1: 1000110011
Control Signals for test case 2: 1000111011
Control Signals for test case 3: 0x011100x0
Control Signals for test case 4: 1100010101
Control Signals for test case 5: 0x100101x0
Control Signals for test case 6: 1000000011
Control Signals for test case 7: 1000001011
$finish called at time : 86 ns : File "C:/Users/fallo/Desktop/lab11-v1/lab11/lab11-v1.srcs/sim_1/new/design_tb.v" Line 87
INFO: [USF-XSim-96] XSim completed. Design snapshot 't_ID_Stage_behav' loaded.
INFO: [USF-XSim-97] XSim simulation ran for 1000ns
launch_simulation: Time (s): cpu = 00:00:01 ; elapsed = 00:00:06 . Memory (MB): peak = 1667.516 ; gain = 5.539
WARNING: [filemgmt 56-199] Attempt to get parsing info during refresh. "On-the-fly" syntax checking information may be incorrect. [C:\Users\fallo\Desktop\lab11-v1\lab11\lab11-v1.srcs\sim_1\new\design_tb.v:]
WARNING: [filemgmt 56-199] Attempt to get parsing info during refresh. "On-the-fly" syntax checking information may be incorrect. [C:\Users\fallo\Desktop\lab11-v1\lab11\lab11-v1.srcs\sources_1\new\controlUnit.v:]
WARNING: [filemgmt 56-199] Attempt to get parsing info during refresh. "On-the-fly" syntax checking information may be incorrect. [C:\Users\fallo\Desktop\lab11-v1\lab11\lab11-v1.srcs\sources_1\new\se16.v:]
WARNING: [filemgmt 56-199] Attempt to get parsing info during refresh. "On-the-fly" syntax checking information may be incorrect. [C:\Users\fallo\Desktop\lab11-v1\lab11\lab11-v1.srcs\sources_1\new\regfile.v:]
WARNING: [filemgmt 56-199] Attempt to get parsing info during refresh. "On-the-fly" syntax checking information may be incorrect. [C:\Users\fallo\Desktop\lab11-v1\lab11\lab11-v1.srcs\sources_1\new\design.v:]
WARNING: [filemgmt 56-199] Attempt to get parsing info during refresh. "On-the-fly" syntax checking information may be incorrect. [C:\Users\fallo\Desktop\lab11-v1\lab11\lab11-v1.srcs\sources_1\new\design.v:]
WARNING: [filemgmt 56-199] Attempt to get parsing info during refresh. "On-the-fly" syntax checking information may be incorrect. [C:\Users\fallo\Desktop\lab11-v1\lab11\lab11-v1.srcs\sources_1\new\design.v:]
WARNING: [filemgmt 56-199] Attempt to get parsing info during refresh. "On-the-fly" syntax checking information may be incorrect. [C:\Users\fallo\Desktop\lab11-v1\lab11\lab11-v1.srcs\sim_1\new\design_tb.v:]
WARNING: [filemgmt 56-199] Attempt to get parsing info during refresh. "On-the-fly" syntax checking information may be incorrect. [C:\Users\fallo\Desktop\lab11-v1\lab11\lab11-v1.srcs\sources_1\new\controlUnit.v:]
WARNING: [filemgmt 56-199] Attempt to get parsing info during refresh. "On-the-fly" syntax checking information may be incorrect. [C:\Users\fallo\Desktop\lab11-v1\lab11\lab11-v1.srcs\sources_1\new\se16.v:]
WARNING: [filemgmt 56-199] Attempt to get parsing info during refresh. "On-the-fly" syntax checking information may be incorrect. [C:\Users\fallo\Desktop\lab11-v1\lab11\lab11-v1.srcs\sources_1\new\regfile.v:]
WARNING: [filemgmt 56-199] Attempt to get parsing info during refresh. "On-the-fly" syntax checking information may be incorrect. [C:\Users\fallo\Desktop\lab11-v1\lab11\lab11-v1.srcs\sources_1\new\design.v:]
WARNING: [filemgmt 56-199] Attempt to get parsing info during refresh. "On-the-fly" syntax checking information may be incorrect. [C:\Users\fallo\Desktop\lab11-v1\lab11\lab11-v1.srcs\sources_1\new\se16.v:]
WARNING: [filemgmt 56-199] Attempt to get parsing info during refresh. "On-the-fly" syntax checking information may be incorrect. [C:\Users\fallo\Desktop\lab11-v1\lab11\lab11-v1.srcs\sources_1\new\se16.v:]
ERROR: [Common 17-180] Spawn failed: No such file or directory
WARNING: [filemgmt 56-199] Attempt to get parsing info during refresh. "On-the-fly" syntax checking information may be incorrect. [C:\Users\fallo\Desktop\lab11-v1\lab11\lab11-v1.srcs\sim_1\new\design_tb.v:]
WARNING: [filemgmt 56-199] Attempt to get parsing info during refresh. "On-the-fly" syntax checking information may be incorrect. [C:\Users\fallo\Desktop\lab11-v1\lab11\lab11-v1.srcs\sources_1\new\controlUnit.v:]
WARNING: [filemgmt 56-199] Attempt to get parsing info during refresh. "On-the-fly" syntax checking information may be incorrect. [C:\Users\fallo\Desktop\lab11-v1\lab11\lab11-v1.srcs\sources_1\new\se16.v:]
WARNING: [filemgmt 56-199] Attempt to get parsing info during refresh. "On-the-fly" syntax checking information may be incorrect. [C:\Users\fallo\Desktop\lab11-v1\lab11\lab11-v1.srcs\sources_1\new\regfile.v:]
WARNING: [filemgmt 56-199] Attempt to get parsing info during refresh. "On-the-fly" syntax checking information may be incorrect. [C:\Users\fallo\Desktop\lab11-v1\lab11\lab11-v1.srcs\sources_1\new\design.v:]
WARNING: [filemgmt 56-199] Attempt to get parsing info during refresh. "On-the-fly" syntax checking information may be incorrect. [C:\Users\fallo\Desktop\lab11-v1\lab11\lab11-v1.srcs\sim_1\new\design_tb.v:]
WARNING: [filemgmt 56-199] Attempt to get parsing info during refresh. "On-the-fly" syntax checking information may be incorrect. [C:\Users\fallo\Desktop\lab11-v1\lab11\lab11-v1.srcs\sim_1\new\design_tb.v:]
ERROR: [Common 17-180] Spawn failed: No such file or directory
close_sim
INFO: [Simtcl 6-16] Simulation closed
exit
INFO: [Common 17-206] Exiting Vivado at Mon Dec  8 21:53:49 2025...
